// Jest Snapshot v1, https://goo.gl/fbAQLP

exports[`should render chart page correctly 1`] = `
<div
  className="unitInfo_content"
>
  <TemperatureChart />
</div>
`;
