// Jest Snapshot v1, https://goo.gl/fbAQLP

exports[`should render NotFoundPage correctly 1`] = `
<div
  className="notFound"
>
  <h1>
    Page Not Found
  </h1>
  <Link
    to="/"
  >
    Back to home page
  </Link>
</div>
`;
